// Jest Snapshot v1, https://goo.gl/fbAQLP

exports[`CustomButton matches snapshot 1`] = `
<div
  className="MuiFormControl-root MuiTextField-root WithStyles(ForwardRef(TextField))-root-1"
>
  <div
    className="MuiInputBase-root MuiInput-root MuiInput-underline MuiInputBase-formControl MuiInput-formControl"
    onClick={[Function]}
  >
    <input
      aria-invalid={false}
      autoFocus={false}
      className="MuiInputBase-input MuiInput-input"
      disabled={false}
      onAnimationStart={[Function]}
      onBlur={[Function]}
      onChange={[Function]}
      onFocus={[Function]}
      required={false}
      type="text"
    />
  </div>
</div>
`;
